I'm sorry, but errors were detected in your script. Please correct the
errors listed below, and try again.


File "game/script.rpy", line 955: Line is followed by a block, despite not being a menu choice. Did you forget a colon at the end of the line?
    "Acheter un fruit (c’est bien les vitamines)"
                                               ^

Ren'Py Version: Ren'Py 8.5.2.26010301
Mon Mar 23 14:49:06 2026
